#-----------------------------------------------------------
# Vivado v2023.2 (64-bit)
# SW Build 4029153 on Fri Oct 13 20:14:34 MDT 2023
# IP Build 4028589 on Sat Oct 14 00:45:43 MDT 2023
# SharedData Build 4025554 on Tue Oct 10 17:18:54 MDT 2023
# Start of session at: Tue Apr  2 15:03:26 2024
# Process ID: 29784
# Current directory: C:/Users/hdm09/Desktop/AIX2024/07_SIC
# Command line: vivado.exe -gui_launcher_event rodinguilauncherevent31132 C:\Users\hdm09\Desktop\AIX2024\07_SIC\07_SIC.xpr
# Log file: C:/Users/hdm09/Desktop/AIX2024/07_SIC/vivado.log
# Journal file: C:/Users/hdm09/Desktop/AIX2024/07_SIC\vivado.jou
# Running On: Dongmin, OS: Windows, CPU Frequency: 1800 MHz, CPU Physical cores: 4, Host memory: 8437 MB
#-----------------------------------------------------------
start_gui
open_project C:/Users/hdm09/Desktop/AIX2024/07_SIC/07_SIC.xpr
launch_simulation
launch_simulation
open_wave_config C:/Users/hdm09/Desktop/AIX2024/07_SIC/conv_kern_tb_behav.wcfg
source conv_kern_array_tb.tcl
create_wave_config
export_ip_user_files -of_objects  [get_files C:/Users/hdm09/Desktop/AIX2024/07_SIC/conv_kern_tb_behav.wcfg] -no_script -reset -force -quiet
remove_files  -fileset sim_1 C:/Users/hdm09/Desktop/AIX2024/07_SIC/conv_kern_tb_behav.wcfg
close_sim
launch_simulation
source conv_kern_array_tb.tcl
run all
close_sim
launch_simulation
source conv_kern_array_tb.tcl
run all
close_sim
launch_simulation
source conv_kern_array_tb.tcl
run all
close_sim
launch_simulation
source conv_kern_array_tb.tcl
run all
run all
close_sim
launch_simulation
launch_simulation
launch_simulation
close_project
open_project C:/Users/hdm09/Desktop/AIX2024/07_SIC/07_SIC.xpr
launch_simulation
source conv_kern_array_tb.tcl
current_wave_config {Untitled 6}
add_wave {{/conv_kern_array_tb/clk}} {{/conv_kern_array_tb/rstn}} {{/conv_kern_array_tb/ctrl_data_run}} {{/conv_kern_array_tb/vld_i}} {{/conv_kern_array_tb/win}} {{/conv_kern_array_tb/din}} {{/conv_kern_array_tb/acc_o}} {{/conv_kern_array_tb/vld_o}} {{/conv_kern_array_tb/in_img}} {{/conv_kern_array_tb/filter}} {{/conv_kern_array_tb/bias}} {{/conv_kern_array_tb/preload}} {{/conv_kern_array_tb/i}} {{/conv_kern_array_tb/iter}} {{/conv_kern_array_tb/j}} {{/conv_kern_array_tb/row}} {{/conv_kern_array_tb/col}} {{/conv_kern_array_tb/is_first_row}} {{/conv_kern_array_tb/is_last_row}} {{/conv_kern_array_tb/is_first_col}} {{/conv_kern_array_tb/is_last_col}} {{/conv_kern_array_tb/temp_acc_bias}} {{/conv_kern_array_tb/conv_out}} {{/conv_kern_array_tb/dbg_write_image}} {{/conv_kern_array_tb/dbg_write_image_done}} {{/conv_kern_array_tb/dbg_pix_idx}} 
current_wave_config {Untitled 6}
add_wave {{/conv_kern_array_tb/clk}} {{/conv_kern_array_tb/rstn}} {{/conv_kern_array_tb/ctrl_data_run}} {{/conv_kern_array_tb/vld_i}} {{/conv_kern_array_tb/win}} {{/conv_kern_array_tb/din}} {{/conv_kern_array_tb/acc_o}} {{/conv_kern_array_tb/vld_o}} {{/conv_kern_array_tb/filter}} {{/conv_kern_array_tb/bias}} {{/conv_kern_array_tb/preload}} {{/conv_kern_array_tb/i}} {{/conv_kern_array_tb/iter}} {{/conv_kern_array_tb/j}} {{/conv_kern_array_tb/row}} {{/conv_kern_array_tb/col}} {{/conv_kern_array_tb/is_first_row}} {{/conv_kern_array_tb/is_last_row}} {{/conv_kern_array_tb/is_first_col}} {{/conv_kern_array_tb/is_last_col}} {{/conv_kern_array_tb/temp_acc_bias}} {{/conv_kern_array_tb/conv_out}} {{/conv_kern_array_tb/dbg_write_image}} {{/conv_kern_array_tb/dbg_write_image_done}} {{/conv_kern_array_tb/dbg_pix_idx}} 
close_sim
launch_simulation
source conv_kern_array_tb.tcl
run all
close_sim
launch_simulation
source conv_kern_array_tb.tcl
run all
close_sim
launch_simulation
source conv_kern_array_tb.tcl
run all
run all
close_sim
